// Vitest Snapshot v1

exports[`navbar > renders 1`] = `
{
  "asFragment": [Function],
  "baseElement": <body>
    <div>
      <div
        class="sc-gsnTZi ijINVp"
      >
        <div
          class="sc-hKMtZM bJIqJb"
        >
          <div
            class="sc-evZas jPGWqt"
          >
            <svg
              class="sc-breuTD gobpCh"
              fill="currentColor"
              height="1em"
              stroke="currentColor"
              stroke-width="0"
              viewBox="0 0 512 512"
              width="1em"
              xmlns="http://www.w3.org/2000/svg"
            >
              <path
                d="M32 96v64h448V96H32zm0 128v64h448v-64H32zm0 128v64h448v-64H32z"
              />
            </svg>
          </div>
        </div>
        <span
          class="sc-ftvSup MMXFg"
        >
          Deal
          <span
            class="sc-papXJ cBDAwL"
          >
            it
          </span>
        </span>
        <div
          class="sc-dkzDqf gsXZOH"
        >
          <div
            class="sc-kDDrLX fCLyvt"
          >
            <input
              class="sc-jqUVSM nkaEN"
              placeholder="Search"
            />
            <button
              class="sc-iqcoie cFJChK"
            >
              <svg
                class="sc-crXcEl cLvSpF"
                fill="currentColor"
                height="1em"
                stroke="currentColor"
                stroke-width="0"
                viewBox="0 0 1024 1024"
                width="1em"
                xmlns="http://www.w3.org/2000/svg"
              >
                <path
                  d="M909.6 854.5L649.9 594.8C690.2 542.7 712 479 712 412c0-80.2-31.3-155.4-87.9-212.1-56.6-56.7-132-87.9-212.1-87.9s-155.5 31.3-212.1 87.9C143.2 256.5 112 331.8 112 412c0 80.1 31.3 155.5 87.9 212.1C256.5 680.8 331.8 712 412 712c67 0 130.6-21.8 182.7-62l259.7 259.6a8.2 8.2 0 0 0 11.6 0l43.6-43.5a8.2 8.2 0 0 0 0-11.6zM570.4 570.4C528 612.7 471.8 636 412 636s-116-23.3-158.4-65.6C211.3 528 188 471.8 188 412s23.3-116.1 65.6-158.4C296 211.3 352.2 188 412 188s116.1 23.2 158.4 65.6S636 352.2 636 412s-23.3 116.1-65.6 158.4z"
                />
              </svg>
            </button>
          </div>
          <div
            class="sc-gKXOVf iLwhvO"
          >
            <div
              class="sc-bczRLJ sc-iBkjds breYIj dUPruZ"
            >
              Sell With US
            </div>
            <svg
              class="sc-jSMfEi cyYpqL"
              fill="currentColor"
              height="1em"
              stroke="currentColor"
              stroke-width="0"
              viewBox="0 0 512 512"
              width="1em"
              xmlns="http://www.w3.org/2000/svg"
            >
              <path
                d="M256 256c52.805 0 96-43.201 96-96s-43.195-96-96-96-96 43.201-96 96 43.195 96 96 96zm0 48c-63.598 0-192 32.402-192 96v48h384v-48c0-63.598-128.402-96-192-96z"
              />
            </svg>
            <svg
              class="sc-eCYdqJ gliYWl"
              fill="currentColor"
              height="1em"
              stroke="currentColor"
              stroke-width="0"
              viewBox="0 0 512 512"
              width="1em"
              xmlns="http://www.w3.org/2000/svg"
            >
              <path
                d="M169.6 377.6c-22.882 0-41.6 18.718-41.6 41.601 0 22.882 18.718 41.6 41.6 41.6s41.601-18.718 41.601-41.6c-.001-22.884-18.72-41.601-41.601-41.601zM48 51.2v41.6h41.6l74.883 151.682-31.308 50.954c-3.118 5.2-5.2 12.482-5.2 19.765 0 27.85 19.025 41.6 44.825 41.6H416v-40H177.893c-3.118 0-5.2-2.082-5.2-5.2 0-1.036 2.207-5.2 2.207-5.2l20.782-32.8h154.954c15.601 0 29.128-8.317 36.4-21.836l74.882-128.8c1.237-2.461 2.082-6.246 2.082-10.399 0-11.446-9.364-19.765-20.8-19.765H135.364L115.6 51.2H48zm326.399 326.4c-22.882 0-41.6 18.718-41.6 41.601 0 22.882 18.718 41.6 41.6 41.6S416 442.082 416 419.2c0-22.883-18.719-41.6-41.601-41.6z"
              />
            </svg>
          </div>
        </div>
      </div>
    </div>
  </body>,
  "container": <div>
    <div
      class="sc-gsnTZi ijINVp"
    >
      <div
        class="sc-hKMtZM bJIqJb"
      >
        <div
          class="sc-evZas jPGWqt"
        >
          <svg
            class="sc-breuTD gobpCh"
            fill="currentColor"
            height="1em"
            stroke="currentColor"
            stroke-width="0"
            viewBox="0 0 512 512"
            width="1em"
            xmlns="http://www.w3.org/2000/svg"
          >
            <path
              d="M32 96v64h448V96H32zm0 128v64h448v-64H32zm0 128v64h448v-64H32z"
            />
          </svg>
        </div>
      </div>
      <span
        class="sc-ftvSup MMXFg"
      >
        Deal
        <span
          class="sc-papXJ cBDAwL"
        >
          it
        </span>
      </span>
      <div
        class="sc-dkzDqf gsXZOH"
      >
        <div
          class="sc-kDDrLX fCLyvt"
        >
          <input
            class="sc-jqUVSM nkaEN"
            placeholder="Search"
          />
          <button
            class="sc-iqcoie cFJChK"
          >
            <svg
              class="sc-crXcEl cLvSpF"
              fill="currentColor"
              height="1em"
              stroke="currentColor"
              stroke-width="0"
              viewBox="0 0 1024 1024"
              width="1em"
              xmlns="http://www.w3.org/2000/svg"
            >
              <path
                d="M909.6 854.5L649.9 594.8C690.2 542.7 712 479 712 412c0-80.2-31.3-155.4-87.9-212.1-56.6-56.7-132-87.9-212.1-87.9s-155.5 31.3-212.1 87.9C143.2 256.5 112 331.8 112 412c0 80.1 31.3 155.5 87.9 212.1C256.5 680.8 331.8 712 412 712c67 0 130.6-21.8 182.7-62l259.7 259.6a8.2 8.2 0 0 0 11.6 0l43.6-43.5a8.2 8.2 0 0 0 0-11.6zM570.4 570.4C528 612.7 471.8 636 412 636s-116-23.3-158.4-65.6C211.3 528 188 471.8 188 412s23.3-116.1 65.6-158.4C296 211.3 352.2 188 412 188s116.1 23.2 158.4 65.6S636 352.2 636 412s-23.3 116.1-65.6 158.4z"
              />
            </svg>
          </button>
        </div>
        <div
          class="sc-gKXOVf iLwhvO"
        >
          <div
            class="sc-bczRLJ sc-iBkjds breYIj dUPruZ"
          >
            Sell With US
          </div>
          <svg
            class="sc-jSMfEi cyYpqL"
            fill="currentColor"
            height="1em"
            stroke="currentColor"
            stroke-width="0"
            viewBox="0 0 512 512"
            width="1em"
            xmlns="http://www.w3.org/2000/svg"
          >
            <path
              d="M256 256c52.805 0 96-43.201 96-96s-43.195-96-96-96-96 43.201-96 96 43.195 96 96 96zm0 48c-63.598 0-192 32.402-192 96v48h384v-48c0-63.598-128.402-96-192-96z"
            />
          </svg>
          <svg
            class="sc-eCYdqJ gliYWl"
            fill="currentColor"
            height="1em"
            stroke="currentColor"
            stroke-width="0"
            viewBox="0 0 512 512"
            width="1em"
            xmlns="http://www.w3.org/2000/svg"
          >
            <path
              d="M169.6 377.6c-22.882 0-41.6 18.718-41.6 41.601 0 22.882 18.718 41.6 41.6 41.6s41.601-18.718 41.601-41.6c-.001-22.884-18.72-41.601-41.601-41.601zM48 51.2v41.6h41.6l74.883 151.682-31.308 50.954c-3.118 5.2-5.2 12.482-5.2 19.765 0 27.85 19.025 41.6 44.825 41.6H416v-40H177.893c-3.118 0-5.2-2.082-5.2-5.2 0-1.036 2.207-5.2 2.207-5.2l20.782-32.8h154.954c15.601 0 29.128-8.317 36.4-21.836l74.882-128.8c1.237-2.461 2.082-6.246 2.082-10.399 0-11.446-9.364-19.765-20.8-19.765H135.364L115.6 51.2H48zm326.399 326.4c-22.882 0-41.6 18.718-41.6 41.601 0 22.882 18.718 41.6 41.6 41.6S416 442.082 416 419.2c0-22.883-18.719-41.6-41.601-41.6z"
            />
          </svg>
        </div>
      </div>
    </div>
  </div>,
  "debug": [Function],
  "findAllByAltText": [Function],
  "findAllByDisplayValue": [Function],
  "findAllByLabelText": [Function],
  "findAllByPlaceholderText": [Function],
  "findAllByRole": [Function],
  "findAllByTestId": [Function],
  "findAllByText": [Function],
  "findAllByTitle": [Function],
  "findByAltText": [Function],
  "findByDisplayValue": [Function],
  "findByLabelText": [Function],
  "findByPlaceholderText": [Function],
  "findByRole": [Function],
  "findByTestId": [Function],
  "findByText": [Function],
  "findByTitle": [Function],
  "getAllByAltText": [Function],
  "getAllByDisplayValue": [Function],
  "getAllByLabelText": [Function],
  "getAllByPlaceholderText": [Function],
  "getAllByRole": [Function],
  "getAllByTestId": [Function],
  "getAllByText": [Function],
  "getAllByTitle": [Function],
  "getByAltText": [Function],
  "getByDisplayValue": [Function],
  "getByLabelText": [Function],
  "getByPlaceholderText": [Function],
  "getByRole": [Function],
  "getByTestId": [Function],
  "getByText": [Function],
  "getByTitle": [Function],
  "queryAllByAltText": [Function],
  "queryAllByDisplayValue": [Function],
  "queryAllByLabelText": [Function],
  "queryAllByPlaceholderText": [Function],
  "queryAllByRole": [Function],
  "queryAllByTestId": [Function],
  "queryAllByText": [Function],
  "queryAllByTitle": [Function],
  "queryByAltText": [Function],
  "queryByDisplayValue": [Function],
  "queryByLabelText": [Function],
  "queryByPlaceholderText": [Function],
  "queryByRole": [Function],
  "queryByTestId": [Function],
  "queryByText": [Function],
  "queryByTitle": [Function],
  "rerender": [Function],
  "unmount": [Function],
}
`;
